  pch.cpp
  AbilityBase.cpp
  ArcherArrowBarrageState.cpp
  ArcherAttackConfig.cpp
  ArcherSomersaultState.cpp
  ArcherUI.cpp
  ArrowPool.cpp
  ArthurAttackConfig.cpp
  ArthurAttackDebugDraw.cpp
  ArthurUI.cpp
  CameraFollow.cpp
  CameraSwitcher.cpp
  CameraTransitionController.cpp
  CameraTransitionEvent.cpp
  EnemyAttackState.cpp
  EnemyBaseAttackConfig.cpp
  CharacterUI.cpp
  DeathConfig.cpp
  DeathTargetIndicatorUI.cpp
  DeathUI.cpp
  DestroyParticles.cpp
  EnemyAttackExecutor.cpp
  ArthurBossController.cpp
  ArthurChargingSlam.cpp
  ArthurChase.cpp
  ArthurDetectionAggro.cpp
  ArthurEarthHammer.cpp
  ArthurHeavySwipe.cpp
  EnemyRecoverState.cpp
  ArthurSideSweep.cpp
  Bound.cpp
  BreakableDamageable.cpp
  BreakableExplosive.cpp
  BreakableHealingDrop.cpp
  BreakableObject.cpp
  CharacterBase.cpp
  CrystalShadowMark.cpp
  Damageable.cpp
  DeathAbilityBase.cpp
  DeathBasicAttack.cpp
  DeathCharacter.cpp
  DeathChargedAttack.cpp
  CooperativeSound.cpp
  DeathDash.cpp
  DeathSound.cpp
  DeathTaunt.cpp
  EnemyBaseController.cpp
  GameplayEventTrigger.cpp
  HUDFader.cpp
  LocalMultiplayerSetup.cpp
  LyrielConfig.cpp
  EnemyStunnedState.cpp
  LyrielSound.cpp
  DebugDamageTrigger.cpp
  DebugDrawTest.cpp
  dllmain.cpp
  BarrierEnemyDamageable.cpp
  ArcherChaseState.cpp
  EnemyDamageable.cpp
  EnemyDeathState.cpp
  Level2Cheats.cpp
  LinkedDeathEnemyState.cpp
C:\Users\INVICTUS\Documents\GitHub\BoundByDeath\ScriptsProject\Level2Cheats.h(33,22): warning C4305: 'argumento': truncamiento de 'double' a 'float' (compilando archivo de origen Level2Cheats.cpp)
  EnemyIdleState.cpp
  EnemyShadowMark.cpp
  HealthDropSpawner.cpp
  HeartbeatHaptic.cpp
  LightZoneManager.cpp
  LightZoneTrigger.cpp
  LyrielTargetIndicatorUI.cpp
  LyrielUI.cpp
  MeleeEnemyController.cpp
  ObjectiveEvent.cpp
  PaladinAttackConfig.cpp
  PaladinChargeState.cpp
  PaladinChaseState.cpp
  PersistingPowerupState.cpp
  PlayerController.cpp
  PopUpController.cpp
  PopUpEvent.cpp
  PowerupCollectible.cpp
  Pickup.cpp
  PlayerStunState.cpp
  PuzzleManagerLVL1.cpp
C:\Users\INVICTUS\Documents\GitHub\BoundByDeath\ScriptsProject\LightZoneManager.cpp(7,1): warning C4003: no hay suficientes argumentos para la invocación de macro "SERIALIZED_COMPONENT_REF" de tipo función
  RangedEnemyController.cpp
  ReaperGauge.cpp
  ShadowExecution.cpp
  EnemyDetectionAggro.cpp
  DefeatConditionManager.cpp
  HealthPickup.cpp
  LevelCheats.cpp
  LyrielAbilityBase.cpp
  LyrielArrowProjectile.cpp
  LyrielArrowVolley.cpp
  LyrielBasicAttack.cpp
  LyrielCharacter.cpp
  LyrielChargedAttack.cpp
  AbilityDash.cpp
  LyrielDash.cpp
  SpikeTrap.cpp
  PlayerAnimationController.cpp
  PlayerDamageable.cpp
  PlayerDownState.cpp
  PlayerMovement.cpp
  PlayerRotation.cpp
  PlayerState.cpp
  PlayerTargetController.cpp
  TargetIndicatorUI.cpp
  TestingButton.cpp
  TriggerArea.cpp
  UIController.cpp
  UIPause.cpp
  UISplashScreen.cpp
C:\Users\INVICTUS\Documents\GitHub\BoundByDeath\ScriptsProject\UISplashScreen.cpp(30,8): warning C4551: la llamada a la función no tiene lista de argumentos
  SimpleMath.cpp
  ScriptsProject.vcxproj -> C:\Users\INVICTUS\Documents\GitHub\BoundByDeath\Engine\GameScripts.dll
